// Jest Snapshot v1, https://goo.gl/fbAQLP

exports[`expect to render Page3 component 1`] = `ShallowWrapper {}`;
