// Jest Snapshot v1, https://goo.gl/fbAQLP

exports[`expect to render Login component 1`] = `ShallowWrapper {}`;
