// Jest Snapshot v1, https://goo.gl/fbAQLP

exports[`expect to render Page6 component 1`] = `ShallowWrapper {}`;
